Archive member included to satisfy reference by file (symbol)

../Middlewares/ST/AI/Lib\NetworkRuntime1000_CM4_GCC.a(ai_platform.o)
                              ./X-CUBE-AI/App/network.o (ai_buffer_array_item_set_address)
../Middlewares/ST/AI/Lib\NetworkRuntime1000_CM4_GCC.a(ai_platform_interface.o)
                              ./X-CUBE-AI/App/network.o (ai_platform_get_weights_map)
../Middlewares/ST/AI/Lib\NetworkRuntime1000_CM4_GCC.a(core_common.o)
                              ../Middlewares/ST/AI/Lib\NetworkRuntime1000_CM4_GCC.a(ai_platform_interface.o) (core_init)
../Middlewares/ST/AI/Lib\NetworkRuntime1000_CM4_GCC.a(core_mem_manager.o)
                              ../Middlewares/ST/AI/Lib\NetworkRuntime1000_CM4_GCC.a(ai_platform_interface.o) (core_mem_alloc)
../Middlewares/ST/AI/Lib\NetworkRuntime1000_CM4_GCC.a(layers.o)
                              ../Middlewares/ST/AI/Lib\NetworkRuntime1000_CM4_GCC.a(ai_platform_interface.o) (ai_check_custom_types)
../Middlewares/ST/AI/Lib\NetworkRuntime1000_CM4_GCC.a(layers_conv2d_generic_float.o)
                              ./X-CUBE-AI/App/network.o (forward_dense)
../Middlewares/ST/AI/Lib\NetworkRuntime1000_CM4_GCC.a(layers_nl_generic_float.o)
                              ./X-CUBE-AI/App/network.o (forward_relu)
../Middlewares/ST/AI/Lib\NetworkRuntime1000_CM4_GCC.a(layers_conv2d_integer_scratch.o)
                              ../Middlewares/ST/AI/Lib\NetworkRuntime1000_CM4_GCC.a(layers.o) (get_conv2d_scratch_size)
../Middlewares/ST/AI/Lib\NetworkRuntime1000_CM4_GCC.a(forward_lite_conv2d_if32of32wf32.o)
                              ../Middlewares/ST/AI/Lib\NetworkRuntime1000_CM4_GCC.a(layers_conv2d_generic_float.o) (forward_lite_conv2d_if32of32wf32)
../Middlewares/ST/AI/Lib\NetworkRuntime1000_CM4_GCC.a(lite_nl_softmax_if32of32.o)
                              ../Middlewares/ST/AI/Lib\NetworkRuntime1000_CM4_GCC.a(layers_nl_generic_float.o) (forward_lite_nl_softmax_if32of32_kernel)
../Middlewares/ST/AI/Lib\NetworkRuntime1000_CM4_GCC.a(lite_nl_relu_if32of32.o)
                              ../Middlewares/ST/AI/Lib\NetworkRuntime1000_CM4_GCC.a(layers_nl_generic_float.o) (forward_lite_nl_prelu_if32of32_kernel)
../Middlewares/ST/AI/Lib\NetworkRuntime1000_CM4_GCC.a(lite_dense_if32.o)
                              ../Middlewares/ST/AI/Lib\NetworkRuntime1000_CM4_GCC.a(layers_conv2d_generic_float.o) (lite_decompress_ilutof32)
../Middlewares/ST/AI/Lib\NetworkRuntime1000_CM4_GCC.a(lite_nl_generic_float.o)
                              ../Middlewares/ST/AI/Lib\NetworkRuntime1000_CM4_GCC.a(layers_nl_generic_float.o) (forward_lite_nl_softmax_if32of32)
../Middlewares/ST/AI/Lib\NetworkRuntime1000_CM4_GCC.a(st_int8_fill.o)
                              ../Middlewares/ST/AI/Lib\NetworkRuntime1000_CM4_GCC.a(ai_platform_interface.o) (st_int8_copy)
../Middlewares/ST/AI/Lib\NetworkRuntime1000_CM4_GCC.a(ai_math_helpers.o)
                              ../Middlewares/ST/AI/Lib\NetworkRuntime1000_CM4_GCC.a(layers_nl_generic_float.o) (ai_math_sqrt)
../Middlewares/ST/AI/Lib\NetworkRuntime1000_CM4_GCC.a(ai_datatypes_format.o)
                              ../Middlewares/ST/AI/Lib\NetworkRuntime1000_CM4_GCC.a(ai_platform_interface.o) (ai_array_to_buffer_fmt)
../Middlewares/ST/AI/Lib\NetworkRuntime1000_CM4_GCC.a(ai_datatypes_internal.o)
                              ../Middlewares/ST/AI/Lib\NetworkRuntime1000_CM4_GCC.a(ai_platform_interface.o) (ai_version_get)
../Middlewares/ST/AI/Lib\NetworkRuntime1000_CM4_GCC.a(ai_math_elementwise_mul_int8.o)
                              ../Middlewares/ST/AI/Lib\NetworkRuntime1000_CM4_GCC.a(ai_math_helpers.o) (ai_math_elementwise_mul_int8)
../Middlewares/ST/AI/Lib\NetworkRuntime1000_CM4_GCC.a(ai_math_elementwise_sum_int8.o)
                              ../Middlewares/ST/AI/Lib\NetworkRuntime1000_CM4_GCC.a(ai_math_helpers.o) (ai_math_elementwise_sum_int8)
../Middlewares/ST/AI/Lib\NetworkRuntime1000_CM4_GCC.a(st_align_factor.o)
                              ../Middlewares/ST/AI/Lib\NetworkRuntime1000_CM4_GCC.a(ai_math_helpers.o) (align_factor)
C:/ST/STM32CubeIDE_1.7.0/STM32CubeIDE/plugins/com.st.stm32cube.ide.mcu.externaltools.gnu-tools-for-stm32.12.3.rel1.win32_1.1.0.202410251130/tools/bin/../lib/gcc/arm-none-eabi/12.3.1/../../../../arm-none-eabi/lib/thumb/v7e-m+fp/hard\libc_nano.a(libc_a-exit.o)
                              C:/ST/STM32CubeIDE_1.7.0/STM32CubeIDE/plugins/com.st.stm32cube.ide.mcu.externaltools.gnu-tools-for-stm32.12.3.rel1.win32_1.1.0.202410251130/tools/bin/../lib/gcc/arm-none-eabi/12.3.1/../../../../arm-none-eabi/lib/thumb/v7e-m+fp/hard/crt0.o (exit)
C:/ST/STM32CubeIDE_1.7.0/STM32CubeIDE/plugins/com.st.stm32cube.ide.mcu.externaltools.gnu-tools-for-stm32.12.3.rel1.win32_1.1.0.202410251130/tools/bin/../lib/gcc/arm-none-eabi/12.3.1/../../../../arm-none-eabi/lib/thumb/v7e-m+fp/hard\libc_nano.a(libc_a-malloc.o)
                              ../Middlewares/ST/AI/Lib\NetworkRuntime1000_CM4_GCC.a(core_mem_manager.o) (malloc)
[...]
Memory Configuration

Name             Origin             Length             Attributes
CCMRAM           0x10000000         0x00001000         xrw
RAM              0x20000000         0x00003000         xrw
FLASH            0x08000000         0x00010000         xr
*default*        0x00000000         0xffffffff

Linker script and memory map

LOAD C:/ST/STM32CubeIDE_1.7.0/STM32CubeIDE/plugins/com.st.stm32cube.ide.mcu.externaltools.gnu-tools-for-stm32.12.3.rel1.win32_1.1.0.202410251130/tools/bin/../lib/gcc/arm-none-eabi/12.3.1/thumb/v7e-m+fp/hard/crti.o
LOAD C:/ST/STM32CubeIDE_1.7.0/STM32CubeIDE/plugins/com.st.stm32cube.ide.mcu.externaltools.gnu-tools-for-stm32.12.3.rel1.win32_1.1.0.202410251130/tools/bin/../lib/gcc/arm-none-eabi/12.3.1/thumb/v7e-m+fp/hard/crtbegin.o
LOAD C:/ST/STM32CubeIDE_1.7.0/STM32CubeIDE/plugins/com.st.stm32cube.ide.mcu.externaltools.gnu-tools-for-stm32.12.3.rel1.win32_1.1.0.202410251130/tools/bin/../lib/gcc/arm-none-eabi/12.3.1/../../../../arm-none-eabi/lib/thumb/v7e-m+fp/hard/crt0.o
LOAD ./Core/Src/main.o
LOAD ./Core/Src/stm32f3xx_hal_msp.o
LOAD ./Core/Src/stm32f3xx_it.o
LOAD ./Core/Src/sysmem.o
LOAD ./Core/Src/system_stm32f3xx.o
LOAD ./Core/Startup/startup_stm32f334c8tx.o
LOAD ./Drivers/STM32F3xx_HAL_Driver/Src/stm32f3xx_hal.o
LOAD ./Drivers/STM32F3xx_HAL_Driver/Src/stm32f3xx_hal_cortex.o
LOAD ./Drivers/STM32F3xx_HAL_Driver/Src/stm32f3xx_hal_dma.o
LOAD ./Drivers/STM32F3xx_HAL_Driver/Src/stm32f3xx_hal_exti.o
LOAD ./Drivers/STM32F3xx_HAL_Driver/Src/stm32f3xx_hal_flash.o
LOAD ./Drivers/STM32F3xx_HAL_Driver/Src/stm32f3xx_hal_flash_ex.o
LOAD ./Drivers/STM32F3xx_HAL_Driver/Src/stm32f3xx_hal_gpio.o
LOAD ./Drivers/STM32F3xx_HAL_Driver/Src/stm32f3xx_hal_i2c.o
LOAD ./Drivers/STM32F3xx_HAL_Driver/Src/stm32f3xx_hal_i2c_ex.o
LOAD ./Drivers/STM32F3xx_HAL_Driver/Src/stm32f3xx_hal_pwr.o
LOAD ./Drivers/STM32F3xx_HAL_Driver/Src/stm32f3xx_hal_pwr_ex.o
LOAD ./Drivers/STM32F3xx_HAL_Driver/Src/stm32f3xx_hal_rcc.o
LOAD ./Drivers/STM32F3xx_HAL_Driver/Src/stm32f3xx_hal_rcc_ex.o
LOAD ./X-CUBE-AI/App/network.o
LOAD ./X-CUBE-AI/App/network_data.o
LOAD ./X-CUBE-AI/App/network_data_params.o
LOAD ./X-CUBE-AI/App/sin_wave.o
LOAD ./X-CUBE-AI/App/sin_wave_data.o
LOAD ./X-CUBE-AI/App/sin_wave_data_params.o
LOAD ../Middlewares/ST/AI/Lib\NetworkRuntime1000_CM4_GCC.a
START GROUP
LOAD C:/ST/STM32CubeIDE_1.7.0/STM32CubeIDE/plugins/com.st.stm32cube.ide.mcu.externaltools.gnu-tools-for-stm32.12.3.rel1.win32_1.1.0.202410251130/tools/bin/../lib/gcc/arm-none-eabi/12.3.1/../../../../arm-none-eabi/lib/thumb/v7e-m+fp/hard\libc_nano.a
LOAD C:/ST/STM32CubeIDE_1.7.0/STM32CubeIDE/plugins/com.st.stm32cube.ide.mcu.externaltools.gnu-tools-for-stm32.12.3.rel1.win32_1.1.0.202410251130/tools/bin/../lib/gcc/arm-none-eabi/12.3.1/../../../../arm-none-eabi/lib/thumb/v7e-m+fp/hard\libm.a
END GROUP
START GROUP
LOAD C:/ST/STM32CubeIDE_1.7.0/STM32CubeIDE/plugins/com.st.stm32cube.ide.mcu.externaltools.gnu-tools-for-stm32.12.3.rel1.win32_1.1.0.202410251130/tools/bin/../lib/gcc/arm-none-eabi/12.3.1/thumb/v7e-m+fp/hard\libgcc.a
LOAD C:/ST/STM32CubeIDE_1.7.0/STM32CubeIDE/plugins/com.st.stm32cube.ide.mcu.externaltools.gnu-tools-for-stm32.12.3.rel1.win32_1.1.0.202410251130/tools/bin/../lib/gcc/arm-none-eabi/12.3.1/../../../../arm-none-eabi/lib/thumb/v7e-m+fp/hard\libc_nano.a
END GROUP
START GROUP
LOAD C:/ST/STM32CubeIDE_1.7.0/STM32CubeIDE/plugins/com.st.stm32cube.ide.mcu.externaltools.gnu-tools-for-stm32.12.3.rel1.win32_1.1.0.202410251130/tools/bin/../lib/gcc/arm-none-eabi/12.3.1/thumb/v7e-m+fp/hard\libgcc.a
LOAD C:/ST/STM32CubeIDE_1.7.0/STM32CubeIDE/plugins/com.st.stm32cube.ide.mcu.externaltools.gnu-tools-for-stm32.12.3.rel1.win32_1.1.0.202410251130/tools/bin/../lib/gcc/arm-none-eabi/12.3.1/../../../../arm-none-eabi/lib/thumb/v7e-m+fp/hard\libc_nano.a
LOAD C:/ST/STM32CubeIDE_1.7.0/STM32CubeIDE/plugins/com.st.stm32cube.ide.mcu.externaltools.gnu-tools-for-stm32.12.3.rel1.win32_1.1.0.202410251130/tools/bin/../lib/gcc/arm-none-eabi/12.3.1/../../../../arm-none-eabi/lib/thumb/v7e-m+fp/hard\libnosys.a
END GROUP
START GROUP
LOAD C:/ST/STM32CubeIDE_1.7.0/STM32CubeIDE/plugins/com.st.stm32cube.ide.mcu.externaltools.gnu-tools-for-stm32.12.3.rel1.win32_1.1.0.202410251130/tools/bin/../lib/gcc/arm-none-eabi/12.3.1/thumb/v7e-m+fp/hard\libgcc.a
LOAD C:/ST/STM32CubeIDE_1.7.0/STM32CubeIDE/plugins/com.st.stm32cube.ide.mcu.externaltools.gnu-tools-for-stm32.12.3.rel1.win32_1.1.0.202410251130/tools/bin/../lib/gcc/arm-none-eabi/12.3.1/../../../../arm-none-eabi/lib/thumb/v7e-m+fp/hard\libc_nano.a
LOAD C:/ST/STM32CubeIDE_1.7.0/STM32CubeIDE/plugins/com.st.stm32cube.ide.mcu.externaltools.gnu-tools-for-stm32.12.3.rel1.win32_1.1.0.202410251130/tools/bin/../lib/gcc/arm-none-eabi/12.3.1/../../../../arm-none-eabi/lib/thumb/v7e-m+fp/hard\libnosys.a
END GROUP
LOAD C:/ST/STM32CubeIDE_1.7.0/STM32CubeIDE/plugins/com.st.stm32cube.ide.mcu.externaltools.gnu-tools-for-stm32.12.3.rel1.win32_1.1.0.202410251130/tools/bin/../lib/gcc/arm-none-eabi/12.3.1/thumb/v7e-m+fp/hard/crtend.o
LOAD C:/ST/STM32CubeIDE_1.7.0/STM32CubeIDE/plugins/com.st.stm32cube.ide.mcu.externaltools.gnu-tools-for-stm32.12.3.rel1.win32_1.1.0.202410251130/tools/bin/../lib/gcc/arm-none-eabi/12.3.1/thumb/v7e-m+fp/hard/crtn.o
                0x20003000                        _estack = (ORIGIN (RAM) + LENGTH (RAM))
                0x00000800                        _Min_Heap_Size = 0x800
                0x00000800                        _Min_Stack_Size = 0x800

.isr_vector     0x08000000      0x188
                0x08000000                        . = ALIGN (0x4)
 *(.isr_vector)
 .isr_vector    0x08000000      0x188 ./Core/Startup/startup_stm32f334c8tx.o
                0x08000000                g_pfnVectors
                0x08000188                        . = ALIGN (0x4)

.text           0x08000188     0x3dd0
                0x08000188                        . = ALIGN (0x4)
 *(.text)
 .text          0x08000188       0x40 C:/ST/STM32CubeIDE_1.7.0/STM32CubeIDE/plugins/com.st.stm32cube.ide.mcu.externaltools.gnu-tools-for-stm32.12.3.rel1.win32_1.1.0.202410251130/tools/bin/../lib/gcc/arm-none-eabi/12.3.1/thumb/v7e-m+fp/hard/crtbegin.o
 *(.text*)
 .text.main     0x080001c8      0x190 ./Core/Src/main.o
                0x080001c8                main
 .text.SystemClock_Config
                0x08000358       0x82 ./Core/Src/main.o
                0x08000358                SystemClock_Config
 .text.Error_Handler
                0x080003da        0xc ./Core/Src/main.o
                0x080003da                Error_Handler
 *fill*         0x080003e6        0x2 
 .text.HAL_MspInit
                0x080003e8       0x48 ./Core/Src/stm32f3xx_hal_msp.o
                0x080003e8                HAL_MspInit
 .text.NMI_Handler
                0x08000430        0x8 ./Core/Src/stm32f3xx_it.o
                0x08000430                NMI_Handler
 .text.HardFault_Handler
                0x08000438        0x8 ./Core/Src/stm32f3xx_it.o
                0x08000438                HardFault_Handler
 .text.MemManage_Handler
                0x08000440        0x8 ./Core/Src/stm32f3xx_it.o
                0x08000440                MemManage_Handler
 .text.BusFault_Handler
                0x08000448        0x8 ./Core/Src/stm32f3xx_it.o
                0x08000448                BusFault_Handler
 .text.UsageFault_Handler
                0x08000450        0x8 ./Core/Src/stm32f3xx_it.o
                0x08000450                UsageFault_Handler
 .text.SVC_Handler
                0x08000458        0xe ./Core/Src/stm32f3xx_it.o
                0x08000458                SVC_Handler
 .text.DebugMon_Handler
                0x08000466        0xe ./Core/Src/stm32f3xx_it.o
                0x08000466                DebugMon_Handler
 .text.PendSV_Handler
                0x08000474        0xe ./Core/Src/stm32f3xx_it.o
                0x08000474                PendSV_Handler
 .text.SysTick_Handler
                0x08000482        0xc ./Core/Src/stm32f3xx_it.o
                0x08000482                SysTick_Handler
 *fill*         0x0800048e        0x2 
 .text.SystemInit
                0x08000490       0x24 ./Core/Src/system_stm32f3xx.o
                0x08000490                SystemInit
 .text.Reset_Handler
                0x080004b4       0x50 ./Core/Startup/startup_stm32f334c8tx.o
                0x080004b4                Reset_Handler
 .text.Default_Handler
                0x08000504        0x2 ./Core/Startup/startup_stm32f334c8tx.o
                0x08000504                RTC_Alarm_IRQHandler
                0x08000504                HRTIM1_Master_IRQHandler
                0x08000504                TIM1_CC_IRQHandler
                0x08000504                HRTIM1_FLT_IRQHandler
                0x08000504                PVD_IRQHandler
                0x08000504                HRTIM1_TIMD_IRQHandler
                0x08000504                TAMP_STAMP_IRQHandler
                0x08000504                EXTI3_IRQHandler
                0x08000504                EXTI0_IRQHandler
                0x08000504                FPU_IRQHandler
                0x08000504                CAN_TX_IRQHandler
                0x08000504                TIM1_UP_TIM16_IRQHandler
                0x08000504                ADC1_2_IRQHandler
                0x08000504                HRTIM1_TIME_IRQHandler
                0x08000504                SPI1_IRQHandler
                0x08000504                CAN_SCE_IRQHandler
                0x08000504                HRTIM1_TIMC_IRQHandler
                0x08000504                DMA1_Channel4_IRQHandler
                0x08000504                USART3_IRQHandler
                0x08000504                DMA1_Channel7_IRQHandler
                0x08000504                TIM7_DAC2_IRQHandler
                0x08000504                CAN_RX1_IRQHandler
                0x08000504                I2C1_EV_IRQHandler
                0x08000504                DMA1_Channel6_IRQHandler
                0x08000504                TIM3_IRQHandler
                0x08000504                RCC_IRQHandler
                0x08000504                DMA1_Channel1_IRQHandler
                0x08000504                Default_Handler
                0x08000504                EXTI15_10_IRQHandler
                0x08000504                COMP2_IRQHandler
                0x08000504                HRTIM1_TIMA_IRQHandler
                0x08000504                TIM6_DAC1_IRQHandler
                0x08000504                EXTI9_5_IRQHandler
                0x08000504                RTC_WKUP_IRQHandler
                0x08000504                DMA1_Channel5_IRQHandler
                0x08000504                EXTI4_IRQHandler
                0x08000504                HRTIM1_TIMB_IRQHandler
                0x08000504                TIM1_TRG_COM_TIM17_IRQHandler
                0x08000504                DMA1_Channel3_IRQHandler
                0x08000504                WWDG_IRQHandler
                0x08000504                TIM2_IRQHandler
                0x08000504                EXTI1_IRQHandler
                0x08000504                COMP4_6_IRQHandler
                0x08000504                USART2_IRQHandler
                0x08000504                DMA1_Channel2_IRQHandler
                0x08000504                FLASH_IRQHandler
                0x08000504                USART1_IRQHandler
                0x08000504                CAN_RX0_IRQHandler
                0x08000504                I2C1_ER_IRQHandler
                0x08000504                EXTI2_TSC_IRQHandler
                0x08000504                TIM1_BRK_TIM15_IRQHandler
 *fill*         0x08000506        0x2 
 .text.HAL_Init
                0x08000508       0x2c ./Drivers/STM32F3xx_HAL_Driver/Src/stm32f3xx_hal.o
                0x08000508                HAL_Init
 .text.HAL_InitTick
                0x08000534       0x60 ./Drivers/STM32F3xx_HAL_Driver/Src/stm32f3xx_hal.o
                0x08000534                HAL_InitTick
 .text.HAL_IncTick
                0x08000594       0x28 ./Drivers/STM32F3xx_HAL_Driver/Src/stm32f3xx_hal.o
                0x08000594                HAL_IncTick
 .text.HAL_GetTick
                0x080005bc       0x18 ./Drivers/STM32F3xx_HAL_Driver/Src/stm32f3xx_hal.o
                0x080005bc                HAL_GetTick
 .text.HAL_Delay
                0x080005d4       0x48 ./Drivers/STM32F3xx_HAL_Driver/Src/stm32f3xx_hal.o
                0x080005d4                HAL_Delay
 .text.__NVIC_SetPriorityGrouping
                0x0800061c       0x48 ./Drivers/STM32F3xx_HAL_Driver/Src/stm32f3xx_hal_cortex.o
 .text.__NVIC_GetPriorityGrouping
                0x08000664       0x1c ./Drivers/STM32F3xx_HAL_Driver/Src/stm32f3xx_hal_cortex.o
 .text.__NVIC_SetPriority
                0x08000680       0x54 ./Drivers/STM32F3xx_HAL_Driver/Src/stm32f3xx_hal_cortex.o
 .text.NVIC_EncodePriority
                0x080006d4       0x66 ./Drivers/STM32F3xx_HAL_Driver/Src/stm32f3xx_hal_cortex.o
 *fill*         0x0800073a        0x2 
 .text.SysTick_Config
                0x0800073c       0x44 ./Drivers/STM32F3xx_HAL_Driver/Src/stm32f3xx_hal_cortex.o
 .text.HAL_NVIC_SetPriorityGrouping
                0x08000780       0x16 ./Drivers/STM32F3xx_HAL_Driver/Src/stm32f3xx_hal_cortex.o
                0x08000780                HAL_NVIC_SetPriorityGrouping
 .text.HAL_NVIC_SetPriority
                0x08000796       0x38 ./Drivers/STM32F3xx_HAL_Driver/Src/stm32f3xx_hal_cortex.o
                0x08000796                HAL_NVIC_SetPriority
 .text.HAL_SYSTICK_Config
                0x080007ce       0x18 ./Drivers/STM32F3xx_HAL_Driver/Src/stm32f3xx_hal_cortex.o
                0x080007ce                HAL_SYSTICK_Config
 *fill*         0x080007e6        0x2 
 .text.HAL_RCC_OscConfig
                0x080007e8     0x107c ./Drivers/STM32F3xx_HAL_Driver/Src/stm32f3xx_hal_rcc.o
                0x080007e8                HAL_RCC_OscConfig
 .text.HAL_RCC_ClockConfig
                0x08001864      0x2f8 ./Drivers/STM32F3xx_HAL_Driver/Src/stm32f3xx_hal_rcc.o
                0x08001864                HAL_RCC_ClockConfig
 .text.HAL_RCC_GetSysClockFreq
                0x08001b5c       0xa8 ./Drivers/STM32F3xx_HAL_Driver/Src/stm32f3xx_hal_rcc.o
                0x08001b5c                HAL_RCC_GetSysClockFreq
 .text.sin_wave_configure_activations
                0x08001c04       0xc0 ./X-CUBE-AI/App/sin_wave.o
 .text.sin_wave_configure_weights
                0x08001cc4      0x118 ./X-CUBE-AI/App/sin_wave.o
 .text.ai_sin_wave_get_report
                0x08001ddc       0xd8 ./X-CUBE-AI/App/sin_wave.o
                0x08001ddc                ai_sin_wave_get_report
 .text.ai_sin_wave_get_error
                0x08001eb4       0x18 ./X-CUBE-AI/App/sin_wave.o
                0x08001eb4                ai_sin_wave_get_error
 .text.ai_sin_wave_create
                0x08001ecc       0x2c ./X-CUBE-AI/App/sin_wave.o
                0x08001ecc                ai_sin_wave_create
 .text.ai_sin_wave_create_and_init
                0x08001ef8       0xfc ./X-CUBE-AI/App/sin_wave.o
                0x08001ef8                ai_sin_wave_create_and_init
 .text.ai_sin_wave_inputs_get
                0x08001ff4       0x34 ./X-CUBE-AI/App/sin_wave.o
                0x08001ff4                ai_sin_wave_inputs_get
 .text.ai_sin_wave_outputs_get
                0x08002028       0x34 ./X-CUBE-AI/App/sin_wave.o
                0x08002028                ai_sin_wave_outputs_get
 .text.ai_sin_wave_init
                0x0800205c       0x78 ./X-CUBE-AI/App/sin_wave.o
                0x0800205c                ai_sin_wave_init
 .text.ai_sin_wave_run
                0x080020d4       0x20 ./X-CUBE-AI/App/sin_wave.o
                0x080020d4                ai_sin_wave_run
 .text.ai_sin_wave_data_params_get
                0x080020f4       0x50 ./X-CUBE-AI/App/sin_wave_data.o
                0x080020f4                ai_sin_wave_data_params_get
 .text.ai_buffer_get_size
                0x08002144       0x68 ../Middlewares/ST/AI/Lib\NetworkRuntime1000_CM4_GCC.a(ai_platform.o)
                0x08002144                ai_buffer_get_size
 .text.ai_buffer_array_sane
                0x080021ac       0x14 ../Middlewares/ST/AI/Lib\NetworkRuntime1000_CM4_GCC.a(ai_platform.o)
                0x080021ac                ai_buffer_array_sane
 .text.ai_buffer_array_item_set_address
                0x080021c0       0x20 ../Middlewares/ST/AI/Lib\NetworkRuntime1000_CM4_GCC.a(ai_platform.o)
                0x080021c0                ai_buffer_array_item_set_address
 .text.ai_platform_get_weights_map
                0x080021e0       0xa8 ../Middlewares/ST/AI/Lib\NetworkRuntime1000_CM4_GCC.a(ai_platform_interface.o)
                0x080021e0                ai_platform_get_weights_map
 .text.ai_platform_get_activations_map
                0x08002288       0xa8 ../Middlewares/ST/AI/Lib\NetworkRuntime1000_CM4_GCC.a(ai_platform_interface.o)
                0x08002288                ai_platform_get_activations_map
 .text.ai_platform_bind_network_params
                0x08002330       0x44 ../Middlewares/ST/AI/Lib\NetworkRuntime1000_CM4_GCC.a(ai_platform_interface.o)
                0x08002330                ai_platform_bind_network_params
 .text.ai_platform_runtime_get_revision
                0x08002374        0x8 ../Middlewares/ST/AI/Lib\NetworkRuntime1000_CM4_GCC.a(ai_platform_interface.o)
                0x08002374                ai_platform_runtime_get_revision
 .text.ai_platform_runtime_get_version
                0x0800237c        0x8 ../Middlewares/ST/AI/Lib\NetworkRuntime1000_CM4_GCC.a(ai_platform_interface.o)
                0x0800237c                ai_platform_runtime_get_version
 .text.ai_platform_api_get_version
                0x08002384       0x2c ../Middlewares/ST/AI/Lib\NetworkRuntime1000_CM4_GCC.a(ai_platform_interface.o)
                0x08002384                ai_platform_api_get_version
 .text.ai_platform_interface_api_get_version
                0x080023b0       0x2c ../Middlewares/ST/AI/Lib\NetworkRuntime1000_CM4_GCC.a(ai_platform_interface.o)
                0x080023b0                ai_platform_interface_api_get_version
 .text.ai_platform_context_acquire
                0x080023dc       0x10 ../Middlewares/ST/AI/Lib\NetworkRuntime1000_CM4_GCC.a(ai_platform_interface.o)
                0x080023dc                ai_platform_context_acquire
 .text.ai_platform_network_get_error
                0x080023ec       0x18 ../Middlewares/ST/AI/Lib\NetworkRuntime1000_CM4_GCC.a(ai_platform_interface.o)
                0x080023ec                ai_platform_network_get_error
 .text.ai_platform_network_set_error
                0x08002404        0xc ../Middlewares/ST/AI/Lib\NetworkRuntime1000_CM4_GCC.a(ai_platform_interface.o)
                0x08002404                ai_platform_network_set_error
 .text.ai_platform_inputs_get
                0x08002410       0xec ../Middlewares/ST/AI/Lib\NetworkRuntime1000_CM4_GCC.a(ai_platform_interface.o)
                0x08002410                ai_platform_inputs_get
 .text.ai_platform_outputs_get
                0x080024fc       0xe8 ../Middlewares/ST/AI/Lib\NetworkRuntime1000_CM4_GCC.a(ai_platform_interface.o)
                0x080024fc                ai_platform_outputs_get
 .text.ai_platform_api_get_network_report
                0x080025e4      0x35c ../Middlewares/ST/AI/Lib\NetworkRuntime1000_CM4_GCC.a(ai_platform_interface.o)
                0x080025e4                ai_platform_api_get_network_report
 .text.ai_platform_network_create
                0x08002940       0x84 ../Middlewares/ST/AI/Lib\NetworkRuntime1000_CM4_GCC.a(ai_platform_interface.o)
                0x08002940                ai_platform_network_create
 .text.ai_platform_network_init
                0x080029c4      0x19c ../Middlewares/ST/AI/Lib\NetworkRuntime1000_CM4_GCC.a(ai_platform_interface.o)
                0x080029c4                ai_platform_network_init
 .text.ai_platform_network_post_init
                0x08002b60       0x60 ../Middlewares/ST/AI/Lib\NetworkRuntime1000_CM4_GCC.a(ai_platform_interface.o)
                0x08002b60                ai_platform_network_post_init
 .text.ai_platform_network_process
                0x08002bc0      0x480 ../Middlewares/ST/AI/Lib\NetworkRuntime1000_CM4_GCC.a(ai_platform_interface.o)
                0x08002bc0                ai_platform_network_process
 .text.core_init
                0x08003040        0x4 ../Middlewares/ST/AI/Lib\NetworkRuntime1000_CM4_GCC.a(core_common.o)
                0x08003040                core_init
 .text.core_get_error
                0x08003044        0xc ../Middlewares/ST/AI/Lib\NetworkRuntime1000_CM4_GCC.a(core_common.o)
                0x08003044                core_get_error
 .text.core_set_error
                0x08003050       0x18 ../Middlewares/ST/AI/Lib\NetworkRuntime1000_CM4_GCC.a(core_common.o)
                0x08003050                core_set_error
 .text.ai_check_custom_types
                0x08003068       0x54 ../Middlewares/ST/AI/Lib\NetworkRuntime1000_CM4_GCC.a(layers.o)
                0x08003068                ai_check_custom_types
 .text.ai_layers_init_all
                0x080030bc       0x1c ../Middlewares/ST/AI/Lib\NetworkRuntime1000_CM4_GCC.a(layers.o)
                0x080030bc                ai_layers_init_all
 .text.ai_layers_post_init_all
                0x080030d8       0x28 ../Middlewares/ST/AI/Lib\NetworkRuntime1000_CM4_GCC.a(layers.o)
                0x080030d8                ai_layers_post_init_all
 .text.ai_layers_forward_all
                0x08003100       0x94 ../Middlewares/ST/AI/Lib\NetworkRuntime1000_CM4_GCC.a(layers.o)
                0x08003100                ai_layers_forward_all
 .text.forward_dense
                0x08003194       0xfc ../Middlewares/ST/AI/Lib\NetworkRuntime1000_CM4_GCC.a(layers_conv2d_generic_float.o)
                0x08003194                forward_dense
 .text.forward_relu
                0x08003290      0x138 ../Middlewares/ST/AI/Lib\NetworkRuntime1000_CM4_GCC.a(layers_nl_generic_float.o)
                0x08003290                forward_relu
 .text.forward_lite_nl_relu_generic_if32of32_kernel
                0x080033c8       0xfc ../Middlewares/ST/AI/Lib\NetworkRuntime1000_CM4_GCC.a(lite_nl_relu_if32of32.o)
                0x080033c8                forward_lite_nl_relu_generic_if32of32_kernel
 .text.forward_lite_dense_if32of32wf32
                0x080034c4      0x2b4 ../Middlewares/ST/AI/Lib\NetworkRuntime1000_CM4_GCC.a(lite_dense_if32.o)
                0x080034c4                forward_lite_dense_if32of32wf32
 .text.forward_lite_dense_if32of32wf32_lut4
                0x08003778      0x250 ../Middlewares/ST/AI/Lib\NetworkRuntime1000_CM4_GCC.a(lite_dense_if32.o)
                0x08003778                forward_lite_dense_if32of32wf32_lut4
 .text.forward_lite_dense_if32of32wf32_lut8
                0x080039c8      0x25c ../Middlewares/ST/AI/Lib\NetworkRuntime1000_CM4_GCC.a(lite_dense_if32.o)
                0x080039c8                forward_lite_dense_if32of32wf32_lut8
 .text.st_int8_copy
                0x08003c24      0x144 ../Middlewares/ST/AI/Lib\NetworkRuntime1000_CM4_GCC.a(st_int8_fill.o)
                0x08003c24                st_int8_copy
 .text.ai_array_to_buffer_fmt
                0x08003d68       0xe0 ../Middlewares/ST/AI/Lib\NetworkRuntime1000_CM4_GCC.a(ai_datatypes_format.o)
                0x08003d68                ai_array_to_buffer_fmt
 .text.ai_array_get_data_byte_size
                0x08003e48       0x24 ../Middlewares/ST/AI/Lib\NetworkRuntime1000_CM4_GCC.a(ai_datatypes_format.o)
                0x08003e48                ai_array_get_data_byte_size
 .text.ai_version_get
                0x08003e6c        0xc ../Middlewares/ST/AI/Lib\NetworkRuntime1000_CM4_GCC.a(ai_datatypes_internal.o)
                0x08003e6c                ai_version_get
 .text.ai_platform_version_get
                0x08003e78       0x24 ../Middlewares/ST/AI/Lib\NetworkRuntime1000_CM4_GCC.a(ai_datatypes_internal.o)
                0x08003e78                ai_platform_version_get
 .text.get_tensor_byte_size
                0x08003e9c       0x30 ../Middlewares/ST/AI/Lib\NetworkRuntime1000_CM4_GCC.a(ai_datatypes_internal.o)
                0x08003e9c                get_tensor_byte_size
 .text.memset   0x08003ecc       0x10 C:/ST/STM32CubeIDE_1.7.0/STM32CubeIDE/plugins/com.st.stm32cube.ide.mcu.externaltools.gnu-tools-for-stm32.12.3.rel1.win32_1.1.0.202410251130/tools/bin/../lib/gcc/arm-none-eabi/12.3.1/../../../../arm-none-eabi/lib/thumb/v7e-m+fp/hard\libc_nano.a(libc_a-memset.o)
                0x08003ecc                memset
 .text.__libc_init_array
                0x08003edc       0x48 C:/ST/STM32CubeIDE_1.7.0/STM32CubeIDE/plugins/com.st.stm32cube.ide.mcu.externaltools.gnu-tools-for-stm32.12.3.rel1.win32_1.1.0.202410251130/tools/bin/../lib/gcc/arm-none-eabi/12.3.1/../../../../arm-none-eabi/lib/thumb/v7e-m+fp/hard\libc_nano.a(libc_a-init.o)
                0x08003edc                __libc_init_array
 .text.memcpy   0x08003f24       0x1c C:/ST/STM32CubeIDE_1.7.0/STM32CubeIDE/plugins/com.st.stm32cube.ide.mcu.externaltools.gnu-tools-for-stm32.12.3.rel1.win32_1.1.0.202410251130/tools/bin/../lib/gcc/arm-none-eabi/12.3.1/../../../../arm-none-eabi/lib/thumb/v7e-m+fp/hard\libc_nano.a(libc_a-memcpy-stub.o)
                0x08003f24                memcpy
 *(.glue_7)
 .glue_7        0x08003f40        0x0 linker stubs
 *(.glue_7t)
 .glue_7t       0x08003f40        0x0 linker stubs
 *(.eh_frame)
 .eh_frame      0x08003f40        0x0 C:/ST/STM32CubeIDE_1.7.0/STM32CubeIDE/plugins/com.st.stm32cube.ide.mcu.externaltools.gnu-tools-for-stm32.12.3.rel1.win32_1.1.0.202410251130/tools/bin/../lib/gcc/arm-none-eabi/12.3.1/thumb/v7e-m+fp/hard/crtbegin.o
 *(.init)
 .init          0x08003f40        0x4 C:/ST/STM32CubeIDE_1.7.0/STM32CubeIDE/plugins/com.st.stm32cube.ide.mcu.externaltools.gnu-tools-for-stm32.12.3.rel1.win32_1.1.0.202410251130/tools/bin/../lib/gcc/arm-none-eabi/12.3.1/thumb/v7e-m+fp/hard/crti.o
                0x08003f40                _init
 .init          0x08003f44        0x8 C:/ST/STM32CubeIDE_1.7.0/STM32CubeIDE/plugins/com.st.stm32cube.ide.mcu.externaltools.gnu-tools-for-stm32.12.3.rel1.win32_1.1.0.202410251130/tools/bin/../lib/gcc/arm-none-eabi/12.3.1/thumb/v7e-m+fp/hard/crtn.o
 *(.fini)
 .fini          0x08003f4c        0x4 C:/ST/STM32CubeIDE_1.7.0/STM32CubeIDE/plugins/com.st.stm32cube.ide.mcu.externaltools.gnu-tools-for-stm32.12.3.rel1.win32_1.1.0.202410251130/tools/bin/../lib/gcc/arm-none-eabi/12.3.1/thumb/v7e-m+fp/hard/crti.o
                0x08003f4c                _fini
 .fini          0x08003f50        0x8 C:/ST/STM32CubeIDE_1.7.0/STM32CubeIDE/plugins/com.st.stm32cube.ide.mcu.externaltools.gnu-tools-for-stm32.12.3.rel1.win32_1.1.0.202410251130/tools/bin/../lib/gcc/arm-none-eabi/12.3.1/thumb/v7e-m+fp/hard/crtn.o
                0x08003f58                        . = ALIGN (0x4)
                0x08003f58                        _etext = .

.vfp11_veneer   0x08003f58        0x0
 .vfp11_veneer  0x08003f58        0x0 linker stubs

.v4_bx          0x08003f58        0x0
 .v4_bx         0x08003f58        0x0 linker stubs

.iplt           0x08003f58        0x0
 .iplt          0x08003f58        0x0 C:/ST/STM32CubeIDE_1.7.0/STM32CubeIDE/plugins/com.st.stm32cube.ide.mcu.externaltools.gnu-tools-for-stm32.12.3.rel1.win32_1.1.0.202410251130/tools/bin/../lib/gcc/arm-none-eabi/12.3.1/thumb/v7e-m+fp/hard/crtbegin.o

.rodata         0x08003f60      0x2d4
                0x08003f60                        . = ALIGN (0x4)
 *(.rodata)
 .rodata        0x08003f60       0x65 ./X-CUBE-AI/App/sin_wave.o
 *fill*         0x08003fc5        0x3 
 .rodata        0x08003fc8       0x30 ./X-CUBE-AI/App/sin_wave_data.o
 .rodata        0x08003ff8       0x10 ../Middlewares/ST/AI/Lib\NetworkRuntime1000_CM4_GCC.a(ai_platform_interface.o)
 *(.rodata*)
 .rodata.AHBPrescTable
                0x08004008       0x10 ./Core/Src/system_stm32f3xx.o
                0x08004008                AHBPrescTable
 .rodata.aPLLMULFactorTable
                0x08004018       0x10 ./Drivers/STM32F3xx_HAL_Driver/Src/stm32f3xx_hal_rcc.o
 .rodata.aPredivFactorTable
                0x08004028       0x10 ./Drivers/STM32F3xx_HAL_Driver/Src/stm32f3xx_hal_rcc.o
 .rodata.gemm_2_chain
                0x08004038        0x8 ./X-CUBE-AI/App/sin_wave.o
 .rodata.nl_1_nl_chain
                0x08004040        0x8 ./X-CUBE-AI/App/sin_wave.o
 .rodata.gemm_1_chain
                0x08004048        0x8 ./X-CUBE-AI/App/sin_wave.o
 .rodata.nl_0_nl_chain
                0x08004050        0x8 ./X-CUBE-AI/App/sin_wave.o
 .rodata.gemm_0_chain
                0x08004058        0x8 ./X-CUBE-AI/App/sin_wave.o
 .rodata.s_sin_wave_weights_array_u64
                0x08004060      0x1c8 ./X-CUBE-AI/App/sin_wave_data_params.o
                0x08004060                s_sin_wave_weights_array_u64
 .rodata.ai_platform_runtime_get_revision.str1.4
                0x08004228        0x1 ../Middlewares/ST/AI/Lib\NetworkRuntime1000_CM4_GCC.a(ai_platform_interface.o)
 *fill*         0x08004229        0x3 
 .rodata.v.0    0x0800422c        0x4 ../Middlewares/ST/AI/Lib\NetworkRuntime1000_CM4_GCC.a(ai_platform_interface.o)
 .rodata.v.1    0x08004230        0x4 ../Middlewares/ST/AI/Lib\NetworkRuntime1000_CM4_GCC.a(ai_platform_interface.o)
                0x08004234                        . = ALIGN (0x4)

.ARM.extab      0x08004234        0x0
                0x08004234                        . = ALIGN (0x4)
 *(.ARM.extab* .gnu.linkonce.armextab.*)
                0x08004234                        . = ALIGN (0x4)

.ARM            0x08004234        0x0
                0x08004234                        . = ALIGN (0x4)
                0x08004234                        __exidx_start = .
 *(.ARM.exidx*)
                0x08004234                        __exidx_end = .
                0x08004234                        . = ALIGN (0x4)

.preinit_array  0x08004234        0x0
                0x08004234                        . = ALIGN (0x4)
                0x08004234                        PROVIDE (__preinit_array_start = .)
 *(.preinit_array*)
                0x08004234                        PROVIDE (__preinit_array_end = .)
                0x08004234                        . = ALIGN (0x4)

.init_array     0x08004234        0x4
                0x08004234                        . = ALIGN (0x4)
                0x08004234                        PROVIDE (__init_array_start = .)
 *(SORT_BY_NAME(.init_array.*))
 *(.init_array*)
 .init_array    0x08004234        0x4 C:/ST/STM32CubeIDE_1.7.0/STM32CubeIDE/plugins/com.st.stm32cube.ide.mcu.externaltools.gnu-tools-for-stm32.12.3.rel1.win32_1.1.0.202410251130/tools/bin/../lib/gcc/arm-none-eabi/12.3.1/thumb/v7e-m+fp/hard/crtbegin.o
                0x08004238                        PROVIDE (__init_array_end = .)
                0x08004238                        . = ALIGN (0x4)

.fini_array     0x08004238        0x4
                0x08004238                        . = ALIGN (0x4)
                [!provide]                        PROVIDE (__fini_array_start = .)
 *(SORT_BY_NAME(.fini_array.*))
 *(.fini_array*)
 .fini_array    0x08004238        0x4 C:/ST/STM32CubeIDE_1.7.0/STM32CubeIDE/plugins/com.st.stm32cube.ide.mcu.externaltools.gnu-tools-for-stm32.12.3.rel1.win32_1.1.0.202410251130/tools/bin/../lib/gcc/arm-none-eabi/12.3.1/thumb/v7e-m+fp/hard/crtbegin.o
                [!provide]                        PROVIDE (__fini_array_end = .)
                0x0800423c                        . = ALIGN (0x4)
                0x0800423c                        _sidata = LOADADDR (.data)

.rel.dyn        0x0800423c        0x0
 .rel.iplt      0x0800423c        0x0 C:/ST/STM32CubeIDE_1.7.0/STM32CubeIDE/plugins/com.st.stm32cube.ide.mcu.externaltools.gnu-tools-for-stm32.12.3.rel1.win32_1.1.0.202410251130/tools/bin/../lib/gcc/arm-none-eabi/12.3.1/thumb/v7e-m+fp/hard/crtbegin.o

.data           0x20000000      0x698 load address 0x0800423c
                0x20000000                        . = ALIGN (0x4)
                0x20000000                        _sdata = .
 *(.data)
 *(.data*)
 .data.x_val    0x20000000        0x4 ./Core/Src/main.o
                0x20000000                x_val
 .data.SystemCoreClock
                0x20000004        0x4 ./Core/Src/system_stm32f3xx.o
                0x20000004                SystemCoreClock
 .data.uwTickPrio
                0x20000008        0x4 ./Drivers/STM32F3xx_HAL_Driver/Src/stm32f3xx_hal.o
                0x20000008                uwTickPrio
 .data.uwTickFreq
                0x2000000c        0x1 ./Drivers/STM32F3xx_HAL_Driver/Src/stm32f3xx_hal.o
                0x2000000c                uwTickFreq
 *fill*         0x2000000d        0x3 
 .data.serving_default_keras_tensor0_output_array
                0x20000010       0x10 ./X-CUBE-AI/App/sin_wave.o
 .data.gemm_0_output_array
                0x20000020       0x10 ./X-CUBE-AI/App/sin_wave.o
 .data.nl_0_nl_output_array
                0x20000030       0x10 ./X-CUBE-AI/App/sin_wave.o
 .data.gemm_1_output_array
                0x20000040       0x10 ./X-CUBE-AI/App/sin_wave.o
 .data.nl_1_nl_output_array
                0x20000050       0x10 ./X-CUBE-AI/App/sin_wave.o
 .data.gemm_2_output_array
                0x20000060       0x10 ./X-CUBE-AI/App/sin_wave.o
 .data.gemm_0_weights_array
                0x20000070       0x10 ./X-CUBE-AI/App/sin_wave.o
 .data.gemm_0_bias_array
                0x20000080       0x10 ./X-CUBE-AI/App/sin_wave.o
 .data.gemm_1_weights_array
                0x20000090       0x10 ./X-CUBE-AI/App/sin_wave.o
 .data.gemm_1_bias_array
                0x200000a0       0x10 ./X-CUBE-AI/App/sin_wave.o
 .data.gemm_2_weights_array
                0x200000b0       0x10 ./X-CUBE-AI/App/sin_wave.o
 .data.gemm_2_bias_array
                0x200000c0       0x10 ./X-CUBE-AI/App/sin_wave.o
 .data.__compound_literal.0
                0x200000d0       0x10 ./X-CUBE-AI/App/sin_wave.o
 .data.__compound_literal.1
                0x200000e0       0x10 ./X-CUBE-AI/App/sin_wave.o
 .data.gemm_0_bias
                0x200000f0       0x1c ./X-CUBE-AI/App/sin_wave.o
 .data.__compound_literal.2
                0x2000010c       0x10 ./X-CUBE-AI/App/sin_wave.o
 .data.__compound_literal.3
                0x2000011c       0x10 ./X-CUBE-AI/App/sin_wave.o
 .data.gemm_0_output
                0x2000012c       0x1c ./X-CUBE-AI/App/sin_wave.o
 .data.__compound_literal.4
                0x20000148       0x10 ./X-CUBE-AI/App/sin_wave.o
 .data.__compound_literal.5
                0x20000158       0x10 ./X-CUBE-AI/App/sin_wave.o
 .data.gemm_0_weights
                0x20000168       0x1c ./X-CUBE-AI/App/sin_wave.o
 .data.__compound_literal.6
                0x20000184       0x10 ./X-CUBE-AI/App/sin_wave.o
 .data.__compound_literal.7
                0x20000194       0x10 ./X-CUBE-AI/App/sin_wave.o
 .data.gemm_1_bias
                0x200001a4       0x1c ./X-CUBE-AI/App/sin_wave.o
 .data.__compound_literal.8
                0x200001c0       0x10 ./X-CUBE-AI/App/sin_wave.o
 .data.__compound_literal.9
                0x200001d0       0x10 ./X-CUBE-AI/App/sin_wave.o
 .data.gemm_1_output
                0x200001e0       0x1c ./X-CUBE-AI/App/sin_wave.o
 .data.__compound_literal.10
                0x200001fc       0x10 ./X-CUBE-AI/App/sin_wave.o
 .data.__compound_literal.11
                0x2000020c       0x10 ./X-CUBE-AI/App/sin_wave.o
 .data.gemm_1_weights
                0x2000021c       0x1c ./X-CUBE-AI/App/sin_wave.o
 .data.__compound_literal.12
                0x20000238       0x10 ./X-CUBE-AI/App/sin_wave.o
 .data.__compound_literal.13
                0x20000248       0x10 ./X-CUBE-AI/App/sin_wave.o
 .data.gemm_2_bias
                0x20000258       0x1c ./X-CUBE-AI/App/sin_wave.o
 .data.__compound_literal.14
                0x20000274       0x10 ./X-CUBE-AI/App/sin_wave.o
 .data.__compound_literal.15
                0x20000284       0x10 ./X-CUBE-AI/App/sin_wave.o
 .data.gemm_2_output
                0x20000294       0x1c ./X-CUBE-AI/App/sin_wave.o
 .data.__compound_literal.16
                0x200002b0       0x10 ./X-CUBE-AI/App/sin_wave.o
 .data.__compound_literal.17
                0x200002c0       0x10 ./X-CUBE-AI/App/sin_wave.o
 .data.gemm_2_weights
                0x200002d0       0x1c ./X-CUBE-AI/App/sin_wave.o
 .data.__compound_literal.18
                0x200002ec       0x10 ./X-CUBE-AI/App/sin_wave.o
 .data.__compound_literal.19
                0x200002fc       0x10 ./X-CUBE-AI/App/sin_wave.o
 .data.nl_0_nl_output
                0x2000030c       0x1c ./X-CUBE-AI/App/sin_wave.o
 .data.__compound_literal.20
                0x20000328       0x10 ./X-CUBE-AI/App/sin_wave.o
 .data.__compound_literal.21
                0x20000338       0x10 ./X-CUBE-AI/App/sin_wave.o
 .data.nl_1_nl_output
                0x20000348       0x1c ./X-CUBE-AI/App/sin_wave.o
 .data.__compound_literal.22
                0x20000364       0x10 ./X-CUBE-AI/App/sin_wave.o
 .data.__compound_literal.23
                0x20000374       0x10 ./X-CUBE-AI/App/sin_wave.o
 .data.serving_default_keras_tensor0_output
                0x20000384       0x1c ./X-CUBE-AI/App/sin_wave.o
 .data.__compound_literal.24
                0x200003a0        0x4 ./X-CUBE-AI/App/sin_wave.o
 .data.__compound_literal.25
                0x200003a4        0x4 ./X-CUBE-AI/App/sin_wave.o
 .data.__compound_literal.26
                0x200003a8        0x8 ./X-CUBE-AI/App/sin_wave.o
 .data.__compound_literal.28
                0x200003b0       0x30 ./X-CUBE-AI/App/sin_wave.o
 .data.gemm_2_layer
                0x200003e0       0x1c ./X-CUBE-AI/App/sin_wave.o
 .data.__compound_literal.29
                0x200003fc        0x4 ./X-CUBE-AI/App/sin_wave.o
 .data.__compound_literal.30
                0x20000400        0x4 ./X-CUBE-AI/App/sin_wave.o
 .data.__compound_literal.33
                0x20000404       0x30 ./X-CUBE-AI/App/sin_wave.o
 .data.nl_1_nl_layer
                0x20000434       0x20 ./X-CUBE-AI/App/sin_wave.o
 .data.__compound_literal.34
                0x20000454        0x4 ./X-CUBE-AI/App/sin_wave.o
 .data.__compound_literal.35
                0x20000458        0x4 ./X-CUBE-AI/App/sin_wave.o
 .data.__compound_literal.36
                0x2000045c        0x8 ./X-CUBE-AI/App/sin_wave.o
 .data.__compound_literal.38
                0x20000464       0x30 ./X-CUBE-AI/App/sin_wave.o
 .data.gemm_1_layer
                0x20000494       0x1c ./X-CUBE-AI/App/sin_wave.o
 .data.__compound_literal.39
                0x200004b0        0x4 ./X-CUBE-AI/App/sin_wave.o
 .data.__compound_literal.40
                0x200004b4        0x4 ./X-CUBE-AI/App/sin_wave.o
 .data.__compound_literal.43
                0x200004b8       0x30 ./X-CUBE-AI/App/sin_wave.o
 .data.nl_0_nl_layer
                0x200004e8       0x20 ./X-CUBE-AI/App/sin_wave.o
 .data.__compound_literal.44
                0x20000508        0x4 ./X-CUBE-AI/App/sin_wave.o
 .data.__compound_literal.45
                0x2000050c        0x4 ./X-CUBE-AI/App/sin_wave.o
 .data.__compound_literal.46
                0x20000510        0x8 ./X-CUBE-AI/App/sin_wave.o
 .data.__compound_literal.48
                0x20000518       0x30 ./X-CUBE-AI/App/sin_wave.o
 .data.gemm_0_layer
                0x20000548       0x1c ./X-CUBE-AI/App/sin_wave.o
 .data.__compound_literal.49
                0x20000564       0x10 ./X-CUBE-AI/App/sin_wave.o
 .data.__compound_literal.50
                0x20000574       0x1c ./X-CUBE-AI/App/sin_wave.o
 .data.__compound_literal.51
                0x20000590       0x10 ./X-CUBE-AI/App/sin_wave.o
 .data.__compound_literal.52
                0x200005a0       0x1c ./X-CUBE-AI/App/sin_wave.o
 .data.__compound_literal.53
                0x200005bc        0x4 ./X-CUBE-AI/App/sin_wave.o
 .data.__compound_literal.57
                0x200005c0        0xc ./X-CUBE-AI/App/sin_wave.o
 .data.__compound_literal.58
                0x200005cc        0x4 ./X-CUBE-AI/App/sin_wave.o
 .data.__compound_literal.62
                0x200005d0        0xc ./X-CUBE-AI/App/sin_wave.o
 .data.__compound_literal.63
                0x200005dc       0x18 ./X-CUBE-AI/App/sin_wave.o
 .data.g_sin_wave
                0x200005f4       0x4c ./X-CUBE-AI/App/sin_wave.o
 .data.__compound_literal.0
                0x20000640       0x10 ./X-CUBE-AI/App/sin_wave_data.o
 .data.g_sin_wave_data_map_activations
                0x20000650       0x1c ./X-CUBE-AI/App/sin_wave_data.o
                0x20000650                g_sin_wave_data_map_activations
 .data.__compound_literal.1
                0x2000066c       0x10 ./X-CUBE-AI/App/sin_wave_data.o
 .data.g_sin_wave_data_map_weights
                0x2000067c       0x1c ./X-CUBE-AI/App/sin_wave_data.o
                0x2000067c                g_sin_wave_data_map_weights
 *(.RamFunc)
 *(.RamFunc*)
                0x20000698                        . = ALIGN (0x4)
                0x20000698                        _edata = .
                0x080048d4                        _siccmram = LOADADDR (.ccmram)

.igot.plt       0x20000698        0x0 load address 0x080048d4
 .igot.plt      0x20000698        0x0 C:/ST/STM32CubeIDE_1.7.0/STM32CubeIDE/plugins/com.st.stm32cube.ide.mcu.externaltools.gnu-tools-for-stm32.12.3.rel1.win32_1.1.0.202410251130/tools/bin/../lib/gcc/arm-none-eabi/12.3.1/thumb/v7e-m+fp/hard/crtbegin.o

.ccmram         0x10000000        0x0 load address 0x080048d4
                0x10000000                        . = ALIGN (0x4)
                0x10000000                        _sccmram = .
 *(.ccmram)
 *(.ccmram*)
                0x10000000                        . = ALIGN (0x4)
                0x10000000                        _eccmram = .
                0x10000000                        . = ALIGN (0x4)

.bss            0x20000698      0x140
                0x20000698                        _sbss = .
                0x20000698                        __bss_start__ = _sbss
 *(.bss)
 .bss           0x20000698       0x1c C:/ST/STM32CubeIDE_1.7.0/STM32CubeIDE/plugins/com.st.stm32cube.ide.mcu.externaltools.gnu-tools-for-stm32.12.3.rel1.win32_1.1.0.202410251130/tools/bin/../lib/gcc/arm-none-eabi/12.3.1/thumb/v7e-m+fp/hard/crtbegin.o
 *(.bss*)
 .bss.activations
                0x200006b4       0x80 ./Core/Src/main.o
                0x200006b4                activations
 .bss.in_data   0x20000734        0x4 ./Core/Src/main.o
                0x20000734                in_data
 .bss.out_data  0x20000738        0x4 ./Core/Src/main.o
                0x20000738                out_data
 .bss.ai_input  0x2000073c        0x4 ./Core/Src/main.o
                0x2000073c                ai_input
 .bss.ai_output
                0x20000740        0x4 ./Core/Src/main.o
                0x20000740                ai_output
 .bss.y_val     0x20000744        0x4 ./Core/Src/main.o
                0x20000744                y_val
 .bss.uwTick    0x20000748        0x4 ./Drivers/STM32F3xx_HAL_Driver/Src/stm32f3xx_hal.o
                0x20000748                uwTick
 .bss.g_sin_wave_activations_map
                0x2000074c        0x4 ./X-CUBE-AI/App/sin_wave.o
 .bss.g_sin_wave_weights_map
                0x20000750        0x4 ./X-CUBE-AI/App/sin_wave.o
 .bss.__compound_literal.27
                0x20000754        0x4 ./X-CUBE-AI/App/sin_wave.o
 .bss.__compound_literal.31
                0x20000758        0x4 ./X-CUBE-AI/App/sin_wave.o
 .bss.__compound_literal.32
                0x2000075c        0x4 ./X-CUBE-AI/App/sin_wave.o
 .bss.__compound_literal.37
                0x20000760        0x4 ./X-CUBE-AI/App/sin_wave.o
 .bss.__compound_literal.41
                0x20000764        0x4 ./X-CUBE-AI/App/sin_wave.o
 .bss.__compound_literal.42
                0x20000768        0x4 ./X-CUBE-AI/App/sin_wave.o
 .bss.__compound_literal.47
                0x2000076c        0x4 ./X-CUBE-AI/App/sin_wave.o
 .bss.__compound_literal.54
                0x20000770       0x1c ./X-CUBE-AI/App/sin_wave.o
 .bss.__compound_literal.55
                0x2000078c       0x10 ./X-CUBE-AI/App/sin_wave.o
 .bss.__compound_literal.56
                0x2000079c        0x8 ./X-CUBE-AI/App/sin_wave.o
 .bss.__compound_literal.59
                0x200007a4       0x1c ./X-CUBE-AI/App/sin_wave.o
 .bss.__compound_literal.60
                0x200007c0       0x10 ./X-CUBE-AI/App/sin_wave.o
 .bss.__compound_literal.61
                0x200007d0        0x8 ./X-CUBE-AI/App/sin_wave.o
 *(COMMON)
                0x200007d8                        . = ALIGN (0x4)
                0x200007d8                        _ebss = .
                0x200007d8                        __bss_end__ = _ebss

._user_heap_stack
                0x200007d8     0x1000
                0x200007d8                        . = ALIGN (0x8)
                [!provide]                        PROVIDE (end = .)
                0x200007d8                        PROVIDE (_end = .)
                0x20000fd8                        . = (. + _Min_Heap_Size)
 *fill*         0x200007d8      0x800 
                0x200017d8                        . = (. + _Min_Stack_Size)
 *fill*         0x20000fd8      0x800 
                0x200017d8                        . = ALIGN (0x8)

/DISCARD/
 libc.a(*)
 libm.a(*)
 libgcc.a(*)

.ARM.attributes
                0x00000000       0x30
 *(.ARM.attributes)
 .ARM.attributes
                0x00000000       0x22 C:/ST/STM32CubeIDE_1.7.0/STM32CubeIDE/plugins/com.st.stm32cube.ide.mcu.externaltools.gnu-tools-for-stm32.12.3.rel1.win32_1.1.0.202410251130/tools/bin/../lib/gcc/arm-none-eabi/12.3.1/thumb/v7e-m+fp/hard/crti.o
 .ARM.attributes
                0x00000022       0x34 C:/ST/STM32CubeIDE_1.7.0/STM32CubeIDE/plugins/com.st.stm32cube.ide.mcu.externaltools.gnu-tools-for-stm32.12.3.rel1.win32_1.1.0.202410251130/tools/bin/../lib/gcc/arm-none-eabi/12.3.1/thumb/v7e-m+fp/hard/crtbegin.o
 .ARM.attributes
                0x00000056       0x34 ./Core/Src/main.o
 .ARM.attributes
                0x0000008a       0x34 ./Core/Src/stm32f3xx_hal_msp.o
 .ARM.attributes
                0x000000be       0x34 ./Core/Src/stm32f3xx_it.o
 .ARM.attributes
                0x000000f2       0x34 ./Core/Src/system_stm32f3xx.o
 .ARM.attributes
                0x00000126       0x21 ./Core/Startup/startup_stm32f334c8tx.o
 .ARM.attributes
                0x00000147       0x34 ./Drivers/STM32F3xx_HAL_Driver/Src/stm32f3xx_hal.o
 .ARM.attributes
                0x0000017b       0x34 ./Drivers/STM32F3xx_HAL_Driver/Src/stm32f3xx_hal_cortex.o
 .ARM.attributes
                0x000001af       0x34 ./Drivers/STM32F3xx_HAL_Driver/Src/stm32f3xx_hal_rcc.o
 .ARM.attributes
                0x000001e3       0x34 ./X-CUBE-AI/App/sin_wave.o
 .ARM.attributes
                0x00000217       0x34 ./X-CUBE-AI/App/sin_wave_data.o
 .ARM.attributes
                0x0000024b       0x34 ./X-CUBE-AI/App/sin_wave_data_params.o
 .ARM.attributes
                0x0000027f       0x30 ../Middlewares/ST/AI/Lib\NetworkRuntime1000_CM4_GCC.a(ai_platform.o)
 .ARM.attributes
                0x000002af       0x30 ../Middlewares/ST/AI/Lib\NetworkRuntime1000_CM4_GCC.a(ai_platform_interface.o)
 .ARM.attributes
                0x000002df       0x30 ../Middlewares/ST/AI/Lib\NetworkRuntime1000_CM4_GCC.a(core_common.o)
 .ARM.attributes
                0x0000030f       0x30 ../Middlewares/ST/AI/Lib\NetworkRuntime1000_CM4_GCC.a(layers.o)
 .ARM.attributes
                0x0000033f       0x30 ../Middlewares/ST/AI/Lib\NetworkRuntime1000_CM4_GCC.a(layers_conv2d_generic_float.o)
 .ARM.attributes
                0x0000036f       0x30 ../Middlewares/ST/AI/Lib\NetworkRuntime1000_CM4_GCC.a(layers_nl_generic_float.o)
 .ARM.attributes
                0x0000039f       0x30 ../Middlewares/ST/AI/Lib\NetworkRuntime1000_CM4_GCC.a(lite_nl_relu_if32of32.o)
 .ARM.attributes
                0x000003cf       0x30 ../Middlewares/ST/AI/Lib\NetworkRuntime1000_CM4_GCC.a(lite_dense_if32.o)
 .ARM.attributes
                0x000003ff       0x30 ../Middlewares/ST/AI/Lib\NetworkRuntime1000_CM4_GCC.a(st_int8_fill.o)
 .ARM.attributes
                0x0000042f       0x30 ../Middlewares/ST/AI/Lib\NetworkRuntime1000_CM4_GCC.a(ai_datatypes_format.o)
 .ARM.attributes
                0x0000045f       0x30 ../Middlewares/ST/AI/Lib\NetworkRuntime1000_CM4_GCC.a(ai_datatypes_internal.o)
 .ARM.attributes
                0x0000048f       0x34 C:/ST/STM32CubeIDE_1.7.0/STM32CubeIDE/plugins/com.st.stm32cube.ide.mcu.externaltools.gnu-tools-for-stm32.12.3.rel1.win32_1.1.0.202410251130/tools/bin/../lib/gcc/arm-none-eabi/12.3.1/../../../../arm-none-eabi/lib/thumb/v7e-m+fp/hard\libc_nano.a(libc_a-memset.o)
 .ARM.attributes
                0x000004c3       0x34 C:/ST/STM32CubeIDE_1.7.0/STM32CubeIDE/plugins/com.st.stm32cube.ide.mcu.externaltools.gnu-tools-for-stm32.12.3.rel1.win32_1.1.0.202410251130/tools/bin/../lib/gcc/arm-none-eabi/12.3.1/../../../../arm-none-eabi/lib/thumb/v7e-m+fp/hard\libc_nano.a(libc_a-init.o)
 .ARM.attributes
                0x000004f7       0x34 C:/ST/STM32CubeIDE_1.7.0/STM32CubeIDE/plugins/com.st.stm32cube.ide.mcu.externaltools.gnu-tools-for-stm32.12.3.rel1.win32_1.1.0.202410251130/tools/bin/../lib/gcc/arm-none-eabi/12.3.1/../../../../arm-none-eabi/lib/thumb/v7e-m+fp/hard\libc_nano.a(libc_a-memcpy-stub.o)
 .ARM.attributes
                0x0000052b       0x22 C:/ST/STM32CubeIDE_1.7.0/STM32CubeIDE/plugins/com.st.stm32cube.ide.mcu.externaltools.gnu-tools-for-stm32.12.3.rel1.win32_1.1.0.202410251130/tools/bin/../lib/gcc/arm-none-eabi/12.3.1/thumb/v7e-m+fp/hard/crtn.o
OUTPUT(sine-wave-ai.elf elf32-littlearm)
LOAD linker stubs
LOAD C:/ST/STM32CubeIDE_1.7.0/STM32CubeIDE/plugins/com.st.stm32cube.ide.mcu.externaltools.gnu-tools-for-stm32.12.3.rel1.win32_1.1.0.202410251130/tools/bin/../lib/gcc/arm-none-eabi/12.3.1/../../../../arm-none-eabi/lib/thumb/v7e-m+fp/hard\libc.a
LOAD C:/ST/STM32CubeIDE_1.7.0/STM32CubeIDE/plugins/com.st.stm32cube.ide.mcu.externaltools.gnu-tools-for-stm32.12.3.rel1.win32_1.1.0.202410251130/tools/bin/../lib/gcc/arm-none-eabi/12.3.1/../../../../arm-none-eabi/lib/thumb/v7e-m+fp/hard\libm.a
LOAD C:/ST/STM32CubeIDE_1.7.0/STM32CubeIDE/plugins/com.st.stm32cube.ide.mcu.externaltools.gnu-tools-for-stm32.12.3.rel1.win32_1.1.0.202410251130/tools/bin/../lib/gcc/arm-none-eabi/12.3.1/thumb/v7e-m+fp/hard\libgcc.a

.debug_info     0x00000000     0x58e2
 .debug_info    0x00000000      0xa4f ./Core/Src/main.o
 .debug_info    0x00000a4f      0x18d ./Core/Src/stm32f3xx_hal_msp.o
 .debug_info    0x00000bdc      0x113 ./Core/Src/stm32f3xx_it.o
 .debug_info    0x00000cef      0x407 ./Core/Src/system_stm32f3xx.o
 .debug_info    0x000010f6       0x30 ./Core/Startup/startup_stm32f334c8tx.o
 .debug_info    0x00001126      0x774 ./Drivers/STM32F3xx_HAL_Driver/Src/stm32f3xx_hal.o
 .debug_info    0x0000189a      0xab1 ./Drivers/STM32F3xx_HAL_Driver/Src/stm32f3xx_hal_cortex.o
 .debug_info    0x0000234b     0x148a ./Drivers/STM32F3xx_HAL_Driver/Src/stm32f3xx_hal_rcc.o
 .debug_info    0x000037d5     0x19c2 ./X-CUBE-AI/App/sin_wave.o
 .debug_info    0x00005197      0x600 ./X-CUBE-AI/App/sin_wave_data.o
 .debug_info    0x00005797      0x14b ./X-CUBE-AI/App/sin_wave_data_params.o

.debug_abbrev   0x00000000     0x12e8
 .debug_abbrev  0x00000000      0x25f ./Core/Src/main.o
 .debug_abbrev  0x0000025f       0xc6 ./Core/Src/stm32f3xx_hal_msp.o
 .debug_abbrev  0x00000325       0x73 ./Core/Src/stm32f3xx_it.o
 .debug_abbrev  0x00000398      0x11a ./Core/Src/system_stm32f3xx.o
 .debug_abbrev  0x000004b2       0x24 ./Core/Startup/startup_stm32f334c8tx.o
 .debug_abbrev  0x000004d6      0x215 ./Drivers/STM32F3xx_HAL_Driver/Src/stm32f3xx_hal.o
 .debug_abbrev  0x000006eb      0x2f8 ./Drivers/STM32F3xx_HAL_Driver/Src/stm32f3xx_hal_cortex.o
 .debug_abbrev  0x000009e3      0x300 ./Drivers/STM32F3xx_HAL_Driver/Src/stm32f3xx_hal_rcc.o
 .debug_abbrev  0x00000ce3      0x35d ./X-CUBE-AI/App/sin_wave.o
 .debug_abbrev  0x00001040      0x205 ./X-CUBE-AI/App/sin_wave_data.o
 .debug_abbrev  0x00001245       0xa3 ./X-CUBE-AI/App/sin_wave_data_params.o

.debug_aranges  0x00000000      0x438
 .debug_aranges
                0x00000000       0x30 ./Core/Src/main.o
 .debug_aranges
                0x00000030       0x20 ./Core/Src/stm32f3xx_hal_msp.o
 .debug_aranges
                0x00000050       0x60 ./Core/Src/stm32f3xx_it.o
 .debug_aranges
                0x000000b0       0x28 ./Core/Src/system_stm32f3xx.o
 .debug_aranges
                0x000000d8       0x28 ./Core/Startup/startup_stm32f334c8tx.o
 .debug_aranges
                0x00000100       0xe0 ./Drivers/STM32F3xx_HAL_Driver/Src/stm32f3xx_hal.o
 .debug_aranges
                0x000001e0      0x100 ./Drivers/STM32F3xx_HAL_Driver/Src/stm32f3xx_hal_cortex.o
 .debug_aranges
                0x000002e0       0x88 ./Drivers/STM32F3xx_HAL_Driver/Src/stm32f3xx_hal_rcc.o
 .debug_aranges
                0x00000368       0x80 ./X-CUBE-AI/App/sin_wave.o
 .debug_aranges
                0x000003e8       0x38 ./X-CUBE-AI/App/sin_wave_data.o
 .debug_aranges
                0x00000420       0x18 ./X-CUBE-AI/App/sin_wave_data_params.o

.debug_rnglists
                0x00000000      0x2f3
 .debug_rnglists
                0x00000000       0x21 ./Core/Src/main.o
 .debug_rnglists
                0x00000021       0x13 ./Core/Src/stm32f3xx_hal_msp.o
 .debug_rnglists
                0x00000034       0x43 ./Core/Src/stm32f3xx_it.o
 .debug_rnglists
                0x00000077       0x1a ./Core/Src/system_stm32f3xx.o
 .debug_rnglists
                0x00000091       0x19 ./Core/Startup/startup_stm32f334c8tx.o
 .debug_rnglists
                0x000000aa       0xa3 ./Drivers/STM32F3xx_HAL_Driver/Src/stm32f3xx_hal.o
 .debug_rnglists
                0x0000014d       0xbb ./Drivers/STM32F3xx_HAL_Driver/Src/stm32f3xx_hal_cortex.o
 .debug_rnglists
                0x00000208       0x66 ./Drivers/STM32F3xx_HAL_Driver/Src/stm32f3xx_hal_rcc.o
 .debug_rnglists
                0x0000026e       0x60 ./X-CUBE-AI/App/sin_wave.o
 .debug_rnglists
                0x000002ce       0x25 ./X-CUBE-AI/App/sin_wave_data.o

.debug_macro    0x00000000    0x1ede6
 .debug_macro   0x00000000      0x26d ./Core/Src/main.o
 .debug_macro   0x0000026d      0xab4 ./Core/Src/main.o
 .debug_macro   0x00000d21      0x152 ./Core/Src/main.o
 .debug_macro   0x00000e73       0x2e ./Core/Src/main.o
 .debug_macro   0x00000ea1       0x28 ./Core/Src/main.o
 .debug_macro   0x00000ec9       0x22 ./Core/Src/main.o
 .debug_macro   0x00000eeb       0x8e ./Core/Src/main.o
 .debug_macro   0x00000f79       0x51 ./Core/Src/main.o
 .debug_macro   0x00000fca      0x103 ./Core/Src/main.o
 .debug_macro   0x000010cd       0x6a ./Core/Src/main.o
 .debug_macro   0x00001137      0x1df ./Core/Src/main.o
 .debug_macro   0x00001316       0x1c ./Core/Src/main.o
 .debug_macro   0x00001332       0x22 ./Core/Src/main.o
 .debug_macro   0x00001354       0xd9 ./Core/Src/main.o
 .debug_macro   0x0000142d      0xf07 ./Core/Src/main.o
 .debug_macro   0x00002334    0x1585b ./Core/Src/main.o
 .debug_macro   0x00017b8f       0x6d ./Core/Src/main.o
 .debug_macro   0x00017bfc     0x3574 ./Core/Src/main.o
 .debug_macro   0x0001b170      0x189 ./Core/Src/main.o
 .debug_macro   0x0001b2f9       0x55 ./Core/Src/main.o
 .debug_macro   0x0001b34e      0x8f8 ./Core/Src/main.o
 .debug_macro   0x0001bc46      0x358 ./Core/Src/main.o
 .debug_macro   0x0001bf9e      0x1b5 ./Core/Src/main.o
 .debug_macro   0x0001c153      0x130 ./Core/Src/main.o
 .debug_macro   0x0001c283      0x1d5 ./Core/Src/main.o
 .debug_macro   0x0001c458      0x1bc ./Core/Src/main.o
 .debug_macro   0x0001c614       0x34 ./Core/Src/main.o
 .debug_macro   0x0001c648       0x3c ./Core/Src/main.o
 .debug_macro   0x0001c684       0x57 ./Core/Src/main.o
 .debug_macro   0x0001c6db       0xc5 ./Core/Src/main.o
 .debug_macro   0x0001c7a0      0x19f ./Core/Src/main.o
 .debug_macro   0x0001c93f      0x22c ./Core/Src/main.o
 .debug_macro   0x0001cb6b       0x5b ./Core/Src/main.o
 .debug_macro   0x0001cbc6       0xa5 ./Core/Src/main.o
 .debug_macro   0x0001cc6b       0x81 ./Core/Src/main.o
 .debug_macro   0x0001ccec       0xd3 ./Core/Src/main.o
 .debug_macro   0x0001cdbf      0x2a1 ./Core/Src/main.o
 .debug_macro   0x0001d060       0x61 ./Core/Src/main.o
 .debug_macro   0x0001d0c1       0x2a ./Core/Src/main.o
 .debug_macro   0x0001d0eb       0x43 ./Core/Src/main.o
 .debug_macro   0x0001d12e       0x3a ./Core/Src/main.o
 .debug_macro   0x0001d168       0x35 ./Core/Src/main.o
 .debug_macro   0x0001d19d      0x460 ./Core/Src/main.o
 .debug_macro   0x0001d5fd       0x46 ./Core/Src/main.o
 .debug_macro   0x0001d643       0x22 ./Core/Src/main.o
 .debug_macro   0x0001d665      0x342 ./Core/Src/main.o
 .debug_macro   0x0001d9a7       0x10 ./Core/Src/main.o
 .debug_macro   0x0001d9b7       0xc0 ./Core/Src/main.o
 .debug_macro   0x0001da77       0x7c ./Core/Src/main.o
 .debug_macro   0x0001daf3       0x88 ./Core/Src/main.o
 .debug_macro   0x0001db7b       0x4c ./Core/Src/main.o
 .debug_macro   0x0001dbc7       0x10 ./Core/Src/main.o
 .debug_macro   0x0001dbd7      0x1a8 ./Core/Src/stm32f3xx_hal_msp.o
 .debug_macro   0x0001dd7f      0x1b2 ./Core/Src/stm32f3xx_it.o
 .debug_macro   0x0001df31      0x19e ./Core/Src/system_stm32f3xx.o
 .debug_macro   0x0001e0cf      0x1c2 ./Drivers/STM32F3xx_HAL_Driver/Src/stm32f3xx_hal.o
 .debug_macro   0x0001e291      0x19e ./Drivers/STM32F3xx_HAL_Driver/Src/stm32f3xx_hal_cortex.o
 .debug_macro   0x0001e42f      0x1c2 ./Drivers/STM32F3xx_HAL_Driver/Src/stm32f3xx_hal_rcc.o
 .debug_macro   0x0001e5f1      0x4b0 ./X-CUBE-AI/App/sin_wave.o
 .debug_macro   0x0001eaa1      0x20f ./X-CUBE-AI/App/sin_wave_data.o
 .debug_macro   0x0001ecb0       0x46 ./X-CUBE-AI/App/sin_wave_data.o
 .debug_macro   0x0001ecf6       0xf0 ./X-CUBE-AI/App/sin_wave_data_params.o

.debug_line     0x00000000     0x640f
 .debug_line    0x00000000      0x9e9 ./Core/Src/main.o
 .debug_line    0x000009e9      0x6fa ./Core/Src/stm32f3xx_hal_msp.o
 .debug_line    0x000010e3      0x7bd ./Core/Src/stm32f3xx_it.o
 .debug_line    0x000018a0      0x774 ./Core/Src/system_stm32f3xx.o
 .debug_line    0x00002014       0x7a ./Core/Startup/startup_stm32f334c8tx.o
 .debug_line    0x0000208e      0x9ac ./Drivers/STM32F3xx_HAL_Driver/Src/stm32f3xx_hal.o
 .debug_line    0x00002a3a      0xb92 ./Drivers/STM32F3xx_HAL_Driver/Src/stm32f3xx_hal_cortex.o
 .debug_line    0x000035cc     0x1340 ./Drivers/STM32F3xx_HAL_Driver/Src/stm32f3xx_hal_rcc.o
 .debug_line    0x0000490c      0xe87 ./X-CUBE-AI/App/sin_wave.o
 .debug_line    0x00005793      0x717 ./X-CUBE-AI/App/sin_wave_data.o
 .debug_line    0x00005eaa      0x565 ./X-CUBE-AI/App/sin_wave_data_params.o

.debug_str      0x00000000    0xc0afe
 .debug_str     0x00000000    0xb43d7 ./Core/Src/main.o
                              0xb47cd (size before relaxing)
 .debug_str     0x000b43d7       0x86 ./Core/Src/stm32f3xx_hal_msp.o
                              0xafc9e (size before relaxing)
 .debug_str     0x000b445d       0xc9 ./Core/Src/stm32f3xx_it.o
                              0xafccd (size before relaxing)
 .debug_str     0x000b4526       0xe9 ./Core/Src/system_stm32f3xx.o
                              0xafd5c (size before relaxing)
 .debug_str     0x000b460f       0x44 ./Core/Startup/startup_stm32f334c8tx.o
                                 0x7a (size before relaxing)
 .debug_str     0x000b4653      0x651 ./Drivers/STM32F3xx_HAL_Driver/Src/stm32f3xx_hal.o
                              0xb04c4 (size before relaxing)
 .debug_str     0x000b4ca4      0x25d ./Drivers/STM32F3xx_HAL_Driver/Src/stm32f3xx_hal_cortex.o
                              0xb03e9 (size before relaxing)
 .debug_str     0x000b4f01      0x32c ./Drivers/STM32F3xx_HAL_Driver/Src/stm32f3xx_hal_rcc.o
                              0xb01fc (size before relaxing)
 .debug_str     0x000b522d     0xb769 ./X-CUBE-AI/App/sin_wave.o
                              0x14237 (size before relaxing)
 .debug_str     0x000c0996      0x123 ./X-CUBE-AI/App/sin_wave_data.o
                               0xeebd (size before relaxing)
 .debug_str     0x000c0ab9       0x45 ./X-CUBE-AI/App/sin_wave_data_params.o
                               0x7a86 (size before relaxing)

.comment        0x00000000       0x86
 .comment       0x00000000       0x43 ./Core/Src/main.o
                                 0x44 (size before relaxing)
 .comment       0x00000043       0x44 ./Core/Src/stm32f3xx_hal_msp.o
 .comment       0x00000043       0x44 ./Core/Src/stm32f3xx_it.o
 .comment       0x00000043       0x44 ./Core/Src/system_stm32f3xx.o
 .comment       0x00000043       0x44 ./Drivers/STM32F3xx_HAL_Driver/Src/stm32f3xx_hal.o
 .comment       0x00000043       0x44 ./Drivers/STM32F3xx_HAL_Driver/Src/stm32f3xx_hal_cortex.o
 .comment       0x00000043       0x44 ./Drivers/STM32F3xx_HAL_Driver/Src/stm32f3xx_hal_rcc.o
 .comment       0x00000043       0x44 ./X-CUBE-AI/App/sin_wave.o
 .comment       0x00000043       0x44 ./X-CUBE-AI/App/sin_wave_data.o
 .comment       0x00000043       0x44 ./X-CUBE-AI/App/sin_wave_data_params.o
 .comment       0x00000043       0x43 ../Middlewares/ST/AI/Lib\NetworkRuntime1000_CM4_GCC.a(ai_platform.o)
                                 0x44 (size before relaxing)
 .comment       0x00000086       0x44 ../Middlewares/ST/AI/Lib\NetworkRuntime1000_CM4_GCC.a(ai_platform_interface.o)
 .comment       0x00000086       0x44 ../Middlewares/ST/AI/Lib\NetworkRuntime1000_CM4_GCC.a(core_common.o)
 .comment       0x00000086       0x44 ../Middlewares/ST/AI/Lib\NetworkRuntime1000_CM4_GCC.a(layers.o)
 .comment       0x00000086       0x44 ../Middlewares/ST/AI/Lib\NetworkRuntime1000_CM4_GCC.a(layers_conv2d_generic_float.o)
 .comment       0x00000086       0x44 ../Middlewares/ST/AI/Lib\NetworkRuntime1000_CM4_GCC.a(layers_nl_generic_float.o)
 .comment       0x00000086       0x44 ../Middlewares/ST/AI/Lib\NetworkRuntime1000_CM4_GCC.a(lite_nl_relu_if32of32.o)
 .comment       0x00000086       0x44 ../Middlewares/ST/AI/Lib\NetworkRuntime1000_CM4_GCC.a(lite_dense_if32.o)
 .comment       0x00000086       0x44 ../Middlewares/ST/AI/Lib\NetworkRuntime1000_CM4_GCC.a(st_int8_fill.o)
 .comment       0x00000086       0x44 ../Middlewares/ST/AI/Lib\NetworkRuntime1000_CM4_GCC.a(ai_datatypes_format.o)
 .comment       0x00000086       0x44 ../Middlewares/ST/AI/Lib\NetworkRuntime1000_CM4_GCC.a(ai_datatypes_internal.o)

.debug_frame    0x00000000      0xe84
 .debug_frame   0x00000000       0x74 ./Core/Src/main.o
 .debug_frame   0x00000074       0x38 ./Core/Src/stm32f3xx_hal_msp.o
 .debug_frame   0x000000ac      0x104 ./Core/Src/stm32f3xx_it.o
 .debug_frame   0x000001b0       0x58 ./Core/Src/system_stm32f3xx.o
 .debug_frame   0x00000208      0x334 ./Drivers/STM32F3xx_HAL_Driver/Src/stm32f3xx_hal.o
 .debug_frame   0x0000053c      0x428 ./Drivers/STM32F3xx_HAL_Driver/Src/stm32f3xx_hal_cortex.o
 .debug_frame   0x00000964      0x214 ./Drivers/STM32F3xx_HAL_Driver/Src/stm32f3xx_hal_rcc.o
 .debug_frame   0x00000b78      0x1ec ./X-CUBE-AI/App/sin_wave.o
 .debug_frame   0x00000d64       0xac ./X-CUBE-AI/App/sin_wave_data.o
 .debug_frame   0x00000e10       0x20 C:/ST/STM32CubeIDE_1.7.0/STM32CubeIDE/plugins/com.st.stm32cube.ide.mcu.externaltools.gnu-tools-for-stm32.12.3.rel1.win32_1.1.0.202410251130/tools/bin/../lib/gcc/arm-none-eabi/12.3.1/../../../../arm-none-eabi/lib/thumb/v7e-m+fp/hard\libc_nano.a(libc_a-memset.o)
 .debug_frame   0x00000e30       0x2c C:/ST/STM32CubeIDE_1.7.0/STM32CubeIDE/plugins/com.st.stm32cube.ide.mcu.externaltools.gnu-tools-for-stm32.12.3.rel1.win32_1.1.0.202410251130/tools/bin/../lib/gcc/arm-none-eabi/12.3.1/../../../../arm-none-eabi/lib/thumb/v7e-m+fp/hard\libc_nano.a(libc_a-init.o)
 .debug_frame   0x00000e5c       0x28 C:/ST/STM32CubeIDE_1.7.0/STM32CubeIDE/plugins/com.st.stm32cube.ide.mcu.externaltools.gnu-tools-for-stm32.12.3.rel1.win32_1.1.0.202410251130/tools/bin/../lib/gcc/arm-none-eabi/12.3.1/../../../../arm-none-eabi/lib/thumb/v7e-m+fp/hard\libc_nano.a(libc_a-memcpy-stub.o)

.debug_line_str
                0x00000000       0x5e
 .debug_line_str
                0x00000000       0x5e ./Core/Startup/startup_stm32f334c8tx.o
